[
  {
    "foo": "1",
    "bar": "2",
    "baz": "3"
  },
  {
    "foo": "hello",
    "bar": "world",
    "baz": "csv"
  }
]