[
  {
    "foo": "",
    "bar": "",
    "baz": ""
  },
  {
    "foo": "",
    "bar": "",
    "baz": ""
  },
  {
    "foo": "",
    "bar": "2",
    "baz": ""
  },
  {
    "foo": "",
    "bar": "",
    "baz": "3"
  },
  {
    "foo": "",
    "bar": "2",
    "baz": "3"
  },
  {
    "foo": "1",
    "bar": "2",
    "baz": "3"
  },
  {
    "foo": "hello",
    "bar": "world",
    "baz": "csv"
  },
  {
    "foo": "hello",
    "bar": "world",
    "baz": "csv"
  },
  {
    "foo": "hello  ",
    "bar": "  world",
    "baz": "  csv  "
  },
  {
    "foo": "hello  ",
    "bar": "  world",
    "baz": "  csv  "
  },
  {
    "foo": "hello \"world\"",
    "bar": "2",
    "baz": "3"
  },
  {
    "foo": "hello, \"world\"",
    "bar": ",",
    "baz": "3"
  },
  {
    "foo": "hello; \"world\"",
    "bar": ";",
    "baz": "3"
  },
  {
    "foo": "hello\n\"world\"",
    "bar": "2",
    "baz": "3"
  },
  {
    "foo": "καλημέρα",
    "bar": "Ελλάδα",
    "baz": "μας"
  }
]